// Jest Snapshot v1, https://goo.gl/fbAQLP

exports[`Pruebas en PokemonPage debe de mostrarse correctamente cuando cargan los pokemons 1`] = `
<div>
  <h1>¿Quién es este pokémon?</h1>
  <pokemon-picture-stub pokemonid="1" showpokemon="false"></pokemon-picture-stub>
  <pokemon-options-stub pokemons="[object Object],[object Object],[object Object],[object Object]"></pokemon-options-stub>
</div>
<!--v-if-->
`;

exports[`Pruebas en PokemonPage debe mostrarse correctamente 1`] = `
<h1>Espere por favor...</h1>
<!--v-if-->
`;
